// Jest Snapshot v1, https://goo.gl/fbAQLP

exports[`renders correctly 1`] = `
<div
  onMouseEnter={[Function]}
  onMouseLeave={[Function]}
>
  <span>
    Foo Beer
  </span>
</div>
`;
